// Jest Snapshot v1, https://goo.gl/fbAQLP

exports[`HomePage Route renders by default 1`] = `
<div
  className="homePage"
/>
`;
